2025-07-14 14:32:19,689 [INFO] Activator:176 - 


2025-07-14 14:32:19,696 [INFO] Activator:177 - !SESSION log4j initialized
2025-07-14 14:32:26,051 [INFO] LogOutputStream:77 - [STDOUT_REDIRECT] 
2025-07-14 14:32:27,113 [INFO] ApplicationProperties:184 - Using Application install path: C:\ST\STM32CubeIDE_1.19.0\STM32CubeIDE\plugins\com.st.stm32cube.common.mx_6.15.0.202507011659
2025-07-14 14:32:27,134 [INFO] DbMcusXml:78 - Set database path to: C:\ST\STM32CubeIDE_1.19.0\STM32CubeIDE\plugins\com.st.stm32cube.common.mx_6.15.0.202507011659\\db\/mcu/
2025-07-14 14:32:27,135 [INFO] ApiDb:274 - Set plugin database path to: C:\ST\STM32CubeIDE_1.19.0\STM32CubeIDE\plugins\com.st.stm32cube.common.mx_6.15.0.202507011659\\db\/plugins/boardmanager/
2025-07-14 14:32:27,135 [WARN] ApiDb:259 - Overriding images path with different value:  => C:\ST\STM32CubeIDE_1.19.0\STM32CubeIDE\plugins\com.st.stm32cube.common.mx_6.15.0.202507011659\\db\/plugins/mcufinder/images/
2025-07-14 14:32:27,145 [INFO] ApiDb:250 - Set database path to: C:\Users\Administrator\.stmcufinder\plugins\mcufinder//mcu/
2025-07-14 14:32:27,147 [INFO] DbMcusAds:125 - Set database path to: C:\Users\Administrator\.stmcufinder\plugins\mcufinder//mcu/
2025-07-14 14:32:27,150 [INFO] CrossReferenceDbSqlite:203 - Set database path to: C:\Users\Administrator\.stmcufinder\plugins\mcufinder//mcu/cs/
2025-07-14 14:32:27,280 [INFO] RulesReader:64 - Compatibility file has been processed (317 Rules)
2025-07-14 14:32:27,378 [INFO] DbMcusXml:78 - Set database path to: C:\ST\STM32CubeIDE_1.19.0\STM32CubeIDE\plugins\com.st.stm32cube.common.mx_6.15.0.202507011659\\db\/mcu/
2025-07-14 14:32:27,379 [INFO] ApiDb:274 - Set plugin database path to: C:\ST\STM32CubeIDE_1.19.0\STM32CubeIDE\plugins\com.st.stm32cube.common.mx_6.15.0.202507011659\\db\/plugins/boardmanager/
2025-07-14 14:32:27,379 [INFO] ApiDb:261 - Set plugin images path to: C:\ST\STM32CubeIDE_1.19.0\STM32CubeIDE\plugins\com.st.stm32cube.common.mx_6.15.0.202507011659\\db\/plugins/mcufinder/images/
2025-07-14 14:32:27,379 [WARN] DbFile:41 - Overriding database path with different value: C:\Users\Administrator\.stmcufinder\plugins\mcufinder/ => C:\Users\Administrator\.stmcufinder\plugins\mcufinder
2025-07-14 14:32:27,379 [INFO] ApiDb:250 - Set database path to: C:\Users\Administrator\.stmcufinder\plugins\mcufinder//mcu/
2025-07-14 14:32:27,380 [WARN] DbFile:41 - Overriding database path with different value: C:\Users\Administrator\.stmcufinder\plugins\mcufinder/ => C:\Users\Administrator\.stmcufinder\plugins\mcufinder
2025-07-14 14:32:27,380 [INFO] DbMcusAds:125 - Set database path to: C:\Users\Administrator\.stmcufinder\plugins\mcufinder//mcu/
2025-07-14 14:32:27,380 [WARN] DbFile:41 - Overriding database path with different value: C:\Users\Administrator\.stmcufinder\plugins\mcufinder/ => C:\Users\Administrator\.stmcufinder\plugins\mcufinder
2025-07-14 14:32:27,380 [WARN] DbFile:41 - Overriding database path with different value: C:\Users\Administrator\.stmcufinder\plugins\mcufinder/ => C:\Users\Administrator\.stmcufinder\plugins\mcufinder
2025-07-14 14:32:27,380 [INFO] CrossReferenceDbSqlite:203 - Set database path to: C:\Users\Administrator\.stmcufinder\plugins\mcufinder//mcu/cs/
2025-07-14 14:32:27,466 [INFO] MainPanel:274 - HeapMemory: 268435456
2025-07-14 14:32:27,599 [INFO] DbMcusXml:78 - Set database path to: C:\ST\STM32CubeIDE_1.19.0\STM32CubeIDE\plugins\com.st.stm32cube.common.mx_6.15.0.202507011659\\db\/mcu/
2025-07-14 14:32:27,599 [INFO] ApiDb:274 - Set plugin database path to: C:\ST\STM32CubeIDE_1.19.0\STM32CubeIDE\plugins\com.st.stm32cube.common.mx_6.15.0.202507011659\\db\/plugins/boardmanager/
2025-07-14 14:32:27,599 [INFO] ApiDb:261 - Set plugin images path to: C:\ST\STM32CubeIDE_1.19.0\STM32CubeIDE\plugins\com.st.stm32cube.common.mx_6.15.0.202507011659\\db\/plugins/mcufinder/images/
2025-07-14 14:32:27,600 [WARN] DbFile:41 - Overriding database path with different value: C:\Users\Administrator\.stmcufinder\plugins\mcufinder/ => C:\Users\Administrator\.stmcufinder\plugins\mcufinder
2025-07-14 14:32:27,600 [INFO] ApiDb:250 - Set database path to: C:\Users\Administrator\.stmcufinder\plugins\mcufinder//mcu/
2025-07-14 14:32:27,600 [WARN] DbFile:41 - Overriding database path with different value: C:\Users\Administrator\.stmcufinder\plugins\mcufinder/ => C:\Users\Administrator\.stmcufinder\plugins\mcufinder
2025-07-14 14:32:27,600 [INFO] DbMcusAds:125 - Set database path to: C:\Users\Administrator\.stmcufinder\plugins\mcufinder//mcu/
2025-07-14 14:32:27,600 [WARN] DbFile:41 - Overriding database path with different value: C:\Users\Administrator\.stmcufinder\plugins\mcufinder/ => C:\Users\Administrator\.stmcufinder\plugins\mcufinder
2025-07-14 14:32:27,601 [WARN] DbFile:41 - Overriding database path with different value: C:\Users\Administrator\.stmcufinder\plugins\mcufinder/ => C:\Users\Administrator\.stmcufinder\plugins\mcufinder
2025-07-14 14:32:27,601 [INFO] CrossReferenceDbSqlite:203 - Set database path to: C:\Users\Administrator\.stmcufinder\plugins\mcufinder//mcu/cs/
2025-07-14 14:32:27,623 [INFO] ApplicationProperties:184 - Using Application install path: C:\ST\STM32CubeIDE_1.19.0\STM32CubeIDE\plugins\com.st.stm32cube.common.mx_6.15.0.202507011659
2025-07-14 14:32:27,624 [INFO] PluginManage:196 - Search for loadable plugins [exclusion list=, ]
2025-07-14 14:32:27,626 [INFO] PluginManage:310 - Check plugin analytics
2025-07-14 14:32:27,830 [INFO] AnalyticsPlugin:253 - Accepted Software Licenses: STM32CubeMX.6.15.0
2025-07-14 14:32:27,831 [INFO] AnalyticsPlugin:255 - Accepted CMSIS Pack Licenses: 
2025-07-14 14:32:27,831 [INFO] AnalyticsPlugin:257 - Accepted Firmware Licenses: 
2025-07-14 14:32:27,834 [INFO] PluginManage:359 - Loaded plugin analytics (category:tool,tabindex:-1)
2025-07-14 14:32:27,834 [INFO] PluginManage:310 - Check plugin cadmodel
2025-07-14 14:32:27,840 [INFO] CADModel:105 - Init CAD model plugin
2025-07-14 14:32:27,840 [INFO] PluginManage:359 - Loaded plugin cadmodel (category:power,tabindex:5)
2025-07-14 14:32:27,841 [INFO] PluginManage:310 - Check plugin clock
2025-07-14 14:32:27,852 [INFO] PluginManage:359 - Loaded plugin clock (category:base,tabindex:2)
2025-07-14 14:32:27,852 [INFO] PluginManage:310 - Check plugin ddr
2025-07-14 14:32:27,855 [INFO] PluginManage:359 - Loaded plugin ddr (category:tool,tabindex:6)
2025-07-14 14:32:27,855 [INFO] PluginManage:310 - Check plugin filemanager
2025-07-14 14:32:28,033 [INFO] PluginManage:359 - Loaded plugin filemanager (category:base,tabindex:10)
2025-07-14 14:32:28,034 [INFO] PluginManage:310 - Check plugin ipmanager
2025-07-14 14:32:28,042 [INFO] PluginManage:359 - Loaded plugin ipmanager (category:base,tabindex:5)
2025-07-14 14:32:28,042 [INFO] PluginManage:310 - Check plugin lpbam
2025-07-14 14:32:28,052 [INFO] PluginManage:359 - Loaded plugin lpbam (category:base,tabindex:0)
2025-07-14 14:32:28,052 [INFO] PluginManage:310 - Check plugin memorymap
2025-07-14 14:32:28,068 [INFO] PluginManage:359 - Loaded plugin memorymap (category:base,tabindex:4)
2025-07-14 14:32:28,068 [INFO] PluginManage:310 - Check plugin pinoutandconfiguration
2025-07-14 14:32:28,079 [INFO] PluginManage:359 - Loaded plugin pinoutandconfiguration (category:base,tabindex:1)
2025-07-14 14:32:28,080 [INFO] PluginManage:310 - Check plugin pinoutconfig
2025-07-14 14:32:28,195 [WARN] SupportedApi:132 - Cannot load RTOS API schema: s4s-elt-must-match.1: The content of 'definitions' must match (annotation?, (simpleType | complexType)?, (unique | key | keyref)*)). A problem was found starting at: attribute.
2025-07-14 14:32:28,366 [INFO] PluginManage:359 - Loaded plugin pinoutconfig (category:base,tabindex:0)
2025-07-14 14:32:28,366 [INFO] PluginManage:310 - Check plugin power
2025-07-14 14:32:28,378 [INFO] PluginManage:359 - Loaded plugin power (category:power,tabindex:4)
2025-07-14 14:32:28,378 [INFO] PluginManage:310 - Check plugin projectmanager
2025-07-14 14:32:28,400 [INFO] PluginManage:359 - Loaded plugin projectmanager (category:projectmanager,tabindex:4)
2025-07-14 14:32:28,400 [INFO] PluginManage:310 - Check plugin rif
2025-07-14 14:32:28,413 [INFO] PluginManage:359 - Loaded plugin rif (category:base,tabindex:3)
2025-07-14 14:32:28,413 [INFO] PluginManage:310 - Check plugin thirdparty
2025-07-14 14:32:28,575 [INFO] PluginManage:359 - Loaded plugin thirdparty (category:base,tabindex:-1)
2025-07-14 14:32:28,575 [INFO] PluginManage:310 - Check plugin tools
2025-07-14 14:32:28,575 [WARN] IntegrityCheckThread:84 - waiting for thirdparty lock release [integrity check]
2025-07-14 14:32:28,575 [INFO] IntegrityCheckThread:86 - entering critical section [integrity check]
2025-07-14 14:32:28,576 [INFO] ThirdPartyUpdaterWithRetryManager:70 - Updater plugin not ready yet. [1/15]
2025-07-14 14:32:28,578 [INFO] PluginManage:359 - Loaded plugin tools (category:base,tabindex:7)
2025-07-14 14:32:28,578 [INFO] PluginManage:310 - Check plugin tutovideos
2025-07-14 14:32:28,843 [INFO] PluginManage:359 - Loaded plugin tutovideos (category:base,tabindex:-1)
2025-07-14 14:32:28,844 [INFO] PluginManage:310 - Check plugin updater
2025-07-14 14:32:28,872 [INFO] PluginManage:359 - Loaded plugin updater (category:base,tabindex:12)
2025-07-14 14:32:28,872 [INFO] PluginManage:310 - Check plugin userauth
2025-07-14 14:32:28,876 [INFO] UserAuth:118 - Init User Auth plugin
2025-07-14 14:32:28,877 [INFO] PluginManage:359 - Loaded plugin userauth (category:base,tabindex:14)
2025-07-14 14:32:28,878 [INFO] PluginManage:283 - PluginManage : Loaded plugins [18]
2025-07-14 14:32:29,122 [INFO] PinOutPanel:1589 - setPackage(No Configuration,No Configuration)
2025-07-14 14:32:29,246 [INFO] CADModel:165 - CPN selected for project level
2025-07-14 14:32:29,246 [INFO] CADModel:114 - Register for checkConnection events
2025-07-14 14:32:29,271 [INFO] IPUIPlugin:80 - create IPUIPlugin
2025-07-14 14:32:29,271 [INFO] PluginManager:220 - loadIPPluginJar : add adc
2025-07-14 14:32:29,276 [INFO] IPUIPlugin:80 - create IPUIPlugin
2025-07-14 14:32:29,276 [INFO] PluginManager:220 - loadIPPluginJar : add aes
2025-07-14 14:32:29,279 [INFO] IPUIPlugin:80 - create IPUIPlugin
2025-07-14 14:32:29,280 [INFO] PluginManager:220 - loadIPPluginJar : add can
2025-07-14 14:32:29,282 [INFO] IPUIPlugin:80 - create IPUIPlugin
2025-07-14 14:32:29,282 [INFO] PluginManager:220 - loadIPPluginJar : add comp
2025-07-14 14:32:29,284 [INFO] IPUIPlugin:80 - create IPUIPlugin
2025-07-14 14:32:29,284 [INFO] PluginManager:220 - loadIPPluginJar : add cryp
2025-07-14 14:32:29,288 [INFO] IPUIPlugin:80 - create IPUIPlugin
2025-07-14 14:32:29,288 [INFO] PluginManager:220 - loadIPPluginJar : add ddr_ctrl_phy
2025-07-14 14:32:29,292 [INFO] IPUIPlugin:80 - create IPUIPlugin
2025-07-14 14:32:29,292 [INFO] PluginManager:220 - loadIPPluginJar : add dfsdm
2025-07-14 14:32:29,300 [INFO] IPUIPlugin:80 - create IPUIPlugin
2025-07-14 14:32:29,301 [INFO] PluginManager:220 - loadIPPluginJar : add dma
2025-07-14 14:32:29,305 [INFO] IPUIPlugin:80 - create IPUIPlugin
2025-07-14 14:32:29,305 [INFO] PluginManager:220 - loadIPPluginJar : add dma3
2025-07-14 14:32:29,310 [INFO] IPUIPlugin:80 - create IPUIPlugin
2025-07-14 14:32:29,310 [INFO] PluginManager:220 - loadIPPluginJar : add extmemmanager
2025-07-14 14:32:29,312 [INFO] IPUIPlugin:80 - create IPUIPlugin
2025-07-14 14:32:29,312 [INFO] PluginManager:220 - loadIPPluginJar : add fatfs
2025-07-14 14:32:29,317 [INFO] IPUIPlugin:80 - create IPUIPlugin
2025-07-14 14:32:29,317 [INFO] PluginManager:220 - loadIPPluginJar : add fmc
2025-07-14 14:32:29,323 [INFO] IPUIPlugin:80 - create IPUIPlugin
2025-07-14 14:32:29,324 [INFO] PluginManager:220 - loadIPPluginJar : add freertos
2025-07-14 14:32:29,325 [INFO] IPUIPlugin:80 - create IPUIPlugin
2025-07-14 14:32:29,326 [INFO] PluginManager:220 - loadIPPluginJar : add genericplugin
2025-07-14 14:32:29,328 [INFO] IPUIPlugin:80 - create IPUIPlugin
2025-07-14 14:32:29,328 [INFO] PluginManager:220 - loadIPPluginJar : add gfxmmu
2025-07-14 14:32:29,333 [INFO] IPUIPlugin:80 - create IPUIPlugin
2025-07-14 14:32:29,333 [INFO] PluginManager:220 - loadIPPluginJar : add gic
2025-07-14 14:32:29,337 [INFO] IPUIPlugin:80 - create IPUIPlugin
2025-07-14 14:32:29,337 [INFO] PluginManager:220 - loadIPPluginJar : add gpio
2025-07-14 14:32:29,341 [INFO] IPUIPlugin:80 - create IPUIPlugin
2025-07-14 14:32:29,341 [INFO] PluginManager:220 - loadIPPluginJar : add gtzc
2025-07-14 14:32:29,343 [INFO] IPUIPlugin:80 - create IPUIPlugin
2025-07-14 14:32:29,343 [INFO] PluginManager:220 - loadIPPluginJar : add hash
2025-07-14 14:32:29,346 [INFO] IPUIPlugin:80 - create IPUIPlugin
2025-07-14 14:32:29,346 [INFO] PluginManager:220 - loadIPPluginJar : add i2c
2025-07-14 14:32:29,349 [INFO] IPUIPlugin:80 - create IPUIPlugin
2025-07-14 14:32:29,349 [INFO] PluginManager:220 - loadIPPluginJar : add i2s
2025-07-14 14:32:29,352 [INFO] IPUIPlugin:80 - create IPUIPlugin
2025-07-14 14:32:29,352 [INFO] PluginManager:220 - loadIPPluginJar : add i3c
2025-07-14 14:32:29,356 [INFO] IPUIPlugin:80 - create IPUIPlugin
2025-07-14 14:32:29,356 [INFO] PluginManager:220 - loadIPPluginJar : add ipddr
2025-07-14 14:32:29,363 [INFO] IPUIPlugin:80 - create IPUIPlugin
2025-07-14 14:32:29,363 [INFO] PluginManager:220 - loadIPPluginJar : add linkedlist
2025-07-14 14:32:29,367 [INFO] IPUIPlugin:80 - create IPUIPlugin
2025-07-14 14:32:29,367 [INFO] PluginManager:220 - loadIPPluginJar : add lorawan
2025-07-14 14:32:29,368 [INFO] IPUIPlugin:80 - create IPUIPlugin
2025-07-14 14:32:29,369 [INFO] PluginManager:220 - loadIPPluginJar : add ltdc
2025-07-14 14:32:29,375 [INFO] IPUIPlugin:80 - create IPUIPlugin
2025-07-14 14:32:29,375 [INFO] PluginManager:220 - loadIPPluginJar : add mdma
2025-07-14 14:32:29,379 [INFO] IPUIPlugin:80 - create IPUIPlugin
2025-07-14 14:32:29,379 [INFO] PluginManager:220 - loadIPPluginJar : add nvic
2025-07-14 14:32:29,382 [INFO] IPUIPlugin:80 - create IPUIPlugin
2025-07-14 14:32:29,382 [INFO] PluginManager:220 - loadIPPluginJar : add opamp
2025-07-14 14:32:29,386 [INFO] IPUIPlugin:80 - create IPUIPlugin
2025-07-14 14:32:29,386 [INFO] PluginManager:220 - loadIPPluginJar : add openamp
2025-07-14 14:32:29,390 [INFO] IPUIPlugin:80 - create IPUIPlugin
2025-07-14 14:32:29,390 [INFO] PluginManager:220 - loadIPPluginJar : add pdm2pcm
2025-07-14 14:32:29,397 [INFO] IPUIPlugin:80 - create IPUIPlugin
2025-07-14 14:32:29,400 [INFO] PluginManager:220 - loadIPPluginJar : add plateformsettings
2025-07-14 14:32:29,402 [INFO] IPUIPlugin:80 - create IPUIPlugin
2025-07-14 14:32:29,402 [INFO] PluginManager:220 - loadIPPluginJar : add quadspi
2025-07-14 14:32:29,405 [INFO] IPUIPlugin:80 - create IPUIPlugin
2025-07-14 14:32:29,405 [INFO] PluginManager:220 - loadIPPluginJar : add radio
2025-07-14 14:32:29,410 [INFO] IPUIPlugin:80 - create IPUIPlugin
2025-07-14 14:32:29,410 [INFO] PluginManager:220 - loadIPPluginJar : add resmgrutility
2025-07-14 14:32:29,414 [INFO] IPUIPlugin:80 - create IPUIPlugin
2025-07-14 14:32:29,414 [INFO] PluginManager:220 - loadIPPluginJar : add sai
2025-07-14 14:32:29,417 [INFO] IPUIPlugin:80 - create IPUIPlugin
2025-07-14 14:32:29,417 [INFO] PluginManager:220 - loadIPPluginJar : add spi
2025-07-14 14:32:29,424 [INFO] IPUIPlugin:80 - create IPUIPlugin
2025-07-14 14:32:29,424 [INFO] PluginManager:220 - loadIPPluginJar : add stm32_wpan
2025-07-14 14:32:29,426 [INFO] IPUIPlugin:80 - create IPUIPlugin
2025-07-14 14:32:29,426 [INFO] PluginManager:220 - loadIPPluginJar : add tim
2025-07-14 14:32:29,430 [INFO] IPUIPlugin:80 - create IPUIPlugin
2025-07-14 14:32:29,430 [INFO] PluginManager:220 - loadIPPluginJar : add touchsensing
2025-07-14 14:32:29,434 [INFO] IPUIPlugin:80 - create IPUIPlugin
2025-07-14 14:32:29,434 [INFO] PluginManager:220 - loadIPPluginJar : add tracer_emb
2025-07-14 14:32:29,437 [INFO] IPUIPlugin:80 - create IPUIPlugin
2025-07-14 14:32:29,437 [INFO] PluginManager:220 - loadIPPluginJar : add ts
2025-07-14 14:32:29,439 [INFO] IPUIPlugin:80 - create IPUIPlugin
2025-07-14 14:32:29,439 [INFO] PluginManager:220 - loadIPPluginJar : add tsc
2025-07-14 14:32:29,441 [INFO] IPUIPlugin:80 - create IPUIPlugin
2025-07-14 14:32:29,441 [INFO] PluginManager:220 - loadIPPluginJar : add ucpd
2025-07-14 14:32:29,444 [INFO] IPUIPlugin:80 - create IPUIPlugin
2025-07-14 14:32:29,444 [INFO] PluginManager:220 - loadIPPluginJar : add usart
2025-07-14 14:32:29,448 [INFO] IPUIPlugin:80 - create IPUIPlugin
2025-07-14 14:32:29,448 [INFO] PluginManager:220 - loadIPPluginJar : add usbx
2025-07-14 14:32:29,588 [FATAL] Updater:351 - Updater called before beeing initialized
2025-07-14 14:32:29,623 [INFO] RulesReader:64 - Compatibility file has been processed (317 Rules)
2025-07-14 14:32:29,642 [INFO] RulesReader:64 - Compatibility file has been processed (317 Rules)
2025-07-14 14:32:29,651 [INFO] CADModel:165 - CPN selected for project level
2025-07-14 14:32:29,651 [INFO] CADModel:114 - Register for checkConnection events
2025-07-14 14:32:29,651 [FATAL] Updater:351 - Updater called before beeing initialized
2025-07-14 14:32:29,652 [ERROR] CADModel:125 - Updater not yet initialized, retry later 
2025-07-14 14:32:29,823 [FATAL] Updater:351 - Updater called before beeing initialized
2025-07-14 14:32:29,825 [INFO] CADModel:165 - CPN selected for project level
2025-07-14 14:32:29,825 [INFO] CADModel:114 - Register for checkConnection events
2025-07-14 14:32:29,825 [FATAL] Updater:351 - Updater called before beeing initialized
2025-07-14 14:32:29,825 [ERROR] CADModel:125 - Updater not yet initialized, retry later 
2025-07-14 14:32:29,829 [FATAL] Updater:351 - Updater called before beeing initialized
2025-07-14 14:32:29,995 [FATAL] Updater:351 - Updater called before beeing initialized
2025-07-14 14:32:30,000 [INFO] DbMcusAds:53 - JSON generation date=Tue Jul 08 15:14:23 ICT 2025 (1751962463582)
2025-07-14 14:32:30,000 [FATAL] Updater:351 - Updater called before beeing initialized
2025-07-14 14:32:30,053 [WARN] DetailPanel:346 - Failed to get advertising image, set to default
2025-07-14 14:32:30,171 [FATAL] Updater:351 - Updater called before beeing initialized
2025-07-14 14:32:30,173 [FATAL] Updater:351 - Updater called before beeing initialized
2025-07-14 14:32:30,173 [FATAL] Updater:351 - Updater called before beeing initialized
2025-07-14 14:32:30,173 [WARN] DetailPanel:346 - Failed to get advertising image, set to default
2025-07-14 14:32:30,174 [FATAL] Updater:351 - Updater called before beeing initialized
2025-07-14 14:32:30,235 [ERROR] Updater:1198 - MainUpdater not yet initialized. External WinMGr cannot be set.
2025-07-14 14:32:30,238 [INFO] Updater:1134 - Updater Version found : 6.15.0
2025-07-14 14:32:30,257 [INFO] ApplicationProperties:184 - Using Application install path: C:\ST\STM32CubeIDE_1.19.0\STM32CubeIDE\plugins\com.st.stm32cube.common.mx_6.15.0.202507011659
2025-07-14 14:32:30,616 [INFO] MainUpdater:2872 - connection check result : 10
2025-07-14 14:32:30,616 [INFO] MainUpdater:3604 - Updater definition file requires update
2025-07-14 14:32:30,617 [INFO] MainUpdater:289 - Updater Check For Update Now.
2025-07-14 14:32:30,617 [INFO] MicroXplorer:498 - Change Database Version : DB.6.0.150
2025-07-14 14:32:30,623 [INFO] McuFinderGlobals:63 - Set McuFinder mode to 2 (CubeIDE integrated)
2025-07-14 14:32:30,624 [INFO] UserAuth:171 - activating auth plugin
2025-07-14 14:32:30,627 [INFO] UserAuth:487 - Internet connection configuration mode: 1
2025-07-14 14:32:30,649 [INFO] JxBrowserEngine:152 - Initiate JxBrowser Engine with user profile folder
2025-07-14 14:32:30,674 [INFO] ServerAccessManage:452 - Complete download http(s) 200
2025-07-14 14:32:30,676 [INFO] ServerAccessManage:509 - Download File updaters.zip
2025-07-14 14:32:30,812 [INFO] FileExtend:248 - Unzip File : updaters.zip
2025-07-14 14:32:30,812 [INFO] FileExtend:263 - Standard Zip Deflate
2025-07-14 14:32:31,175 [INFO] ServerAccessManage:452 - Complete download http(s) 200
2025-07-14 14:32:31,176 [INFO] ServerAccessManage:509 - Download File PacksControlFlags.xml
2025-07-14 14:32:31,265 [INFO] ServerAccessManage:452 - Complete download http(s) 200
2025-07-14 14:32:31,266 [INFO] ServerAccessManage:509 - Download File cubemx.pidx
2025-07-14 14:32:31,578 [WARN] MainUpdater:1193 - Updater busy. Cannot search thirdparties
2025-07-14 14:32:31,578 [INFO] ThirdPartyUpdaterWithRetryManager:96 - Updater plugin is busy. [1/15]
2025-07-14 14:32:32,361 [INFO] ServerAccessManage:452 - Complete download http(s) 200
2025-07-14 14:32:32,361 [INFO] ServerAccessManage:509 - Download File STMicroelectronics.X-CUBE-EEPRMA1.pdsc
2025-07-14 14:32:32,374 [INFO] WebApp:169 - Instantiating new browser for Auth
2025-07-14 14:32:33,121 [ERROR] ServerAccessManage:1212 - Problem, file not found on Server
2025-07-14 14:32:33,173 [INFO] WebApp:463 - Apply proxy settings
2025-07-14 14:32:33,173 [INFO] WebApp:548 - Chromium requires no authentication
2025-07-14 14:32:33,185 [INFO] WebApp:491 - Direct internet connection detected
2025-07-14 14:32:33,217 [INFO] WebApp:900 - Register for checkConnection events
2025-07-14 14:32:33,218 [INFO] WebApp:463 - Apply proxy settings
2025-07-14 14:32:33,218 [INFO] WebApp:548 - Chromium requires no authentication
2025-07-14 14:32:33,218 [INFO] WebApp:491 - Direct internet connection detected
2025-07-14 14:32:33,393 [INFO] WebApp:191 - Connection restablished
2025-07-14 14:32:33,423 [INFO] WebApp:225 - Starting web application
2025-07-14 14:32:33,424 [INFO] WebApp:593 - Web application path used C:\ST\STM32CubeIDE_1.19.0\STM32CubeIDE\plugins\com.st.stm32cube.common.mx_6.15.0.202507011659\db\plugins\mcufinder\reactClient1\index.html
2025-07-14 14:32:33,438 [ERROR] ServerAccessManage:1212 - Problem, file not found on Server
2025-07-14 14:32:33,904 [INFO] ServerAccessManage:452 - Complete download http(s) 200
2025-07-14 14:32:33,904 [INFO] ServerAccessManage:509 - Download File STMicroelectronics.X-CUBE-NFC12.pdsc
2025-07-14 14:32:34,579 [WARN] MainUpdater:1193 - Updater busy. Cannot search thirdparties
2025-07-14 14:32:34,579 [INFO] ThirdPartyUpdaterWithRetryManager:96 - Updater plugin is busy. [2/15]
2025-07-14 14:32:35,878 [ERROR] ServerAccessManage:1295 - Problem during Server Connection :  IO error PKIX path building failed: sun.security.provider.certpath.SunCertPathBuilderException: unable to find valid certification path to requested target
2025-07-14 14:32:35,879 [ERROR] ServerAccessManage:740 - Problem during Server Connection :  : Avnet-IotConnect.X-CUBE-IoTC-DA16k-PMOD.pdsc.
2025-07-14 14:32:35,994 [WARN] PackLoader:240 - Cannot read IP mode file for STMicroelectronics.X-CUBE-EEPRMA1.5.2.0
2025-07-14 14:32:36,015 [WARN] PackLoader:240 - Cannot read IP mode file for STMicroelectronics.X-CUBE-NFC12.1.0.0
2025-07-14 14:32:36,021 [INFO] PopulateThirdPartyThread:66 - Ending populate Thread
2025-07-14 14:32:36,023 [INFO] ThirdParty:1030 - CMSIS Pack Vendor :STMicroelectronics X-CUBE-EEPRMA1 5.2.0
2025-07-14 14:32:36,023 [INFO] ThirdParty:1030 - CMSIS Pack Vendor :STMicroelectronics X-CUBE-NFC12 1.0.0
2025-07-14 14:32:36,023 [INFO] LoadServerUpdatesThread:375 - End of LoadServerUpdate Thread
2025-07-14 14:32:36,156 [INFO] CheckServerUpdateThread:120 - End of CheckServer Thread
2025-07-14 14:32:37,902 [WARN] PackLoader:240 - Cannot read IP mode file for STMicroelectronics.FP-SNS-MOTENVWB1.1.4.0
2025-07-14 14:32:37,909 [WARN] PackLoader:240 - Cannot read IP mode file for STMicroelectronics.FP-ATR-ASTRA1.2.0.2
2025-07-14 14:32:37,918 [WARN] PackLoader:240 - Cannot read IP mode file for STMicroelectronics.X-CUBE-SMBUS.2.1.0
2025-07-14 14:32:37,924 [WARN] PackLoader:240 - Cannot read IP mode file for STMicroelectronics.X-CUBE-ST60.1.0.0
2025-07-14 14:32:37,961 [WARN] PackLoader:240 - Cannot read IP mode file for STMicroelectronics.X-CUBE-AZRTOS-F7.1.1.0
2025-07-14 14:32:37,999 [WARN] PackLoader:240 - Cannot read IP mode file for Infineon.AIROC-Wi-Fi-Bluetooth-STM32.1.7.1
2025-07-14 14:32:38,038 [WARN] PackLoader:240 - Cannot read IP mode file for STMicroelectronics.X-CUBE-AZRTOS-H7.3.4.0
2025-07-14 14:32:38,052 [WARN] PackLoader:240 - Cannot read IP mode file for STMicroelectronics.X-CUBE-DISPLAY.3.0.0
2025-07-14 14:32:38,067 [WARN] PackLoader:240 - Cannot read IP mode file for STMicroelectronics.X-CUBE-NFC10.1.0.0
2025-07-14 14:32:38,082 [WARN] PackLoader:240 - Cannot read IP mode file for STMicroelectronics.X-CUBE-BLEMGR.4.0.0
2025-07-14 14:32:38,093 [WARN] PackLoader:240 - Cannot read IP mode file for emotas.I-CUBE-CANOPEN.1.3.0
2025-07-14 14:32:38,099 [WARN] ConditionMgr:438 - getConditionDescription Invalid condition id : Cortex-A Device cause : null
2025-07-14 14:32:38,111 [WARN] ConditionMgr:1044 - genDependencies : Invalid condition id : Cortex-A Device cause : null
2025-07-14 14:32:38,111 [WARN] ConditionMgr:1044 - genDependencies : Invalid condition id : Cortex-A Device cause : null
2025-07-14 14:32:38,111 [WARN] ConditionMgr:1044 - genDependencies : Invalid condition id : Cortex-A Device cause : null
2025-07-14 14:32:38,117 [WARN] PackLoader:240 - Cannot read IP mode file for STMicroelectronics.FP-SNS-SMARTAG2.1.2.0
2025-07-14 14:32:38,123 [WARN] PackLoader:240 - Cannot read IP mode file for STMicroelectronics.FP-SNS-FLIGHT1.5.1.0
2025-07-14 14:32:38,134 [INFO] LogOutputStream:77 - [STDOUT_REDIRECT] 1 : Invalid condition id : UX_CORESTACK_Condition cause : null
2025-07-14 14:32:38,135 [INFO] LogOutputStream:77 - [STDOUT_REDIRECT] 1 : Invalid condition id : UX_CORESTACK_Condition cause : null
2025-07-14 14:32:38,137 [INFO] LogOutputStream:77 - [STDOUT_REDIRECT] 1 : Invalid condition id : UX_CORESTACK_Condition cause : null
2025-07-14 14:32:38,139 [INFO] LogOutputStream:77 - [STDOUT_REDIRECT] 1 : Invalid condition id : UX_CORESTACK_Condition cause : null
2025-07-14 14:32:38,141 [INFO] LogOutputStream:77 - [STDOUT_REDIRECT] 1 : Invalid condition id : UX_CORESTACK_Condition cause : null
2025-07-14 14:32:38,145 [WARN] PackLoader:240 - Cannot read IP mode file for STMicroelectronics.X-CUBE-AZRTOS-WL.2.0.0
2025-07-14 14:32:38,152 [WARN] PackLoader:240 - Cannot read IP mode file for STMicroelectronics.FP-SNS-MOTENV1.5.0.0
2025-07-14 14:32:38,161 [WARN] PackLoader:240 - Cannot read IP mode file for WES.I-CUBE-Cesium.1.3.0
2025-07-14 14:32:38,167 [WARN] PackLoader:240 - Cannot read IP mode file for STMicroelectronics.X-CUBE-BLE2.3.3.0
2025-07-14 14:32:38,175 [WARN] PackLoader:240 - Cannot read IP mode file for STMicroelectronics.X-CUBE-NFC9.1.0.0
2025-07-14 14:32:38,183 [WARN] PackLoader:240 - Cannot read IP mode file for wolfSSL.I-CUBE-wolfSSL.5.8.0
2025-07-14 14:32:38,189 [WARN] PackLoader:240 - Cannot read IP mode file for STMicroelectronics.X-CUBE-BLE1.7.1.0
2025-07-14 14:32:38,193 [WARN] PackLoader:240 - Cannot read IP mode file for wolfSSL.I-CUBE-wolfMQTT.1.19.2
2025-07-14 14:32:38,200 [WARN] PackLoader:240 - Cannot read IP mode file for STMicroelectronics.X-CUBE-EEPRMA1.5.2.0
2025-07-14 14:32:38,207 [WARN] PackLoader:240 - Cannot read IP mode file for STMicroelectronics.X-CUBE-AI.10.1.0
2025-07-14 14:32:38,225 [WARN] PackLoader:240 - Cannot read IP mode file for STMicroelectronics.X-CUBE-AZRTOS-G0.1.1.0
2025-07-14 14:32:38,236 [WARN] PackLoader:240 - Cannot read IP mode file for STMicroelectronics.X-CUBE-SAFEA1.1.2.2
2025-07-14 14:32:38,244 [WARN] PackLoader:240 - Cannot read IP mode file for STMicroelectronics.X-CUBE-NFC4.3.0.0
2025-07-14 14:32:38,256 [WARN] PackLoader:240 - Cannot read IP mode file for EmbeddedOffice.I-CUBE-FS-RTOS.1.0.1
2025-07-14 14:32:38,263 [WARN] PackLoader:240 - Cannot read IP mode file for STMicroelectronics.X-CUBE-WB05N.2.0.0
2025-07-14 14:32:38,269 [WARN] PackLoader:240 - Cannot read IP mode file for wolfSSL.I-CUBE-wolfTPM.3.8.0
2025-07-14 14:32:38,275 [WARN] PackLoader:240 - Cannot read IP mode file for STMicroelectronics.X-CUBE-TCPP.4.2.0
2025-07-14 14:32:38,283 [WARN] PackLoader:240 - Cannot read IP mode file for RealThread.X-CUBE-RT-Thread_Nano.4.1.1
2025-07-14 14:32:38,288 [WARN] PackLoader:240 - Cannot read IP mode file for STMicroelectronics.FP-ATR-SIGFOX1.3.2.0
2025-07-14 14:32:38,295 [WARN] PackLoader:240 - Cannot read IP mode file for STMicroelectronics.X-CUBE-EEPRMA1.5.1.0
2025-07-14 14:32:38,303 [WARN] PackLoader:240 - Cannot read IP mode file for ITTIA_DB.I-CUBE-ITTIADB.8.9.0
2025-07-14 14:32:38,310 [WARN] PackLoader:240 - Cannot read IP mode file for STMicroelectronics.X-CUBE-ST67W61.1.0.0
2025-07-14 14:32:38,345 [WARN] PackLoader:240 - Cannot read IP mode file for SEGGER.I-CUBE-embOS.1.3.1
2025-07-14 14:32:38,400 [WARN] PackLoader:240 - Cannot read IP mode file for STMicroelectronics.X-CUBE-ALGOBUILD.1.4.0
2025-07-14 14:32:38,462 [WARN] PackLoader:240 - Cannot read IP mode file for STMicroelectronics.X-CUBE-MEMS1.11.3.0
2025-07-14 14:32:38,587 [WARN] PackLoader:240 - Cannot read IP mode file for STMicroelectronics.X-CUBE-PM33A1.1.0.0
2025-07-14 14:32:38,604 [WARN] PackLoader:240 - Cannot read IP mode file for STMicroelectronics.X-CUBE-AZRTOS-F4.1.1.0
2025-07-14 14:32:38,612 [WARN] PackLoader:240 - Cannot read IP mode file for STMicroelectronics.X-CUBE-ISPU.2.1.0
2025-07-14 14:32:38,620 [WARN] PackLoader:240 - Cannot read IP mode file for STMicroelectronics.X-CUBE-NFC12.1.0.0
2025-07-14 14:32:38,637 [WARN] PackLoader:240 - Cannot read IP mode file for STMicroelectronics.X-CUBE-AZRTOS-L5.2.0.0
2025-07-14 14:32:38,648 [WARN] PackLoader:240 - Cannot read IP mode file for STMicroelectronics.X-CUBE-NFC6.3.1.0
2025-07-14 14:32:38,656 [WARN] PackLoader:240 - Cannot read IP mode file for STMicroelectronics.X-CUBE-FREERTOS.1.3.1
2025-07-14 14:32:38,662 [WARN] PackLoader:240 - Cannot read IP mode file for STMicroelectronics.FP-SNS-STAIOTCFT.1.0.0
2025-07-14 14:32:38,668 [WARN] PackLoader:240 - Cannot read IP mode file for STMicroelectronics.X-CUBE-DPower.1.3.0
2025-07-14 14:32:38,686 [WARN] ConditionMgr:438 - getConditionDescription Invalid condition id : LAN8742 Phy interface Condition cause : null
2025-07-14 14:32:38,686 [WARN] PackLoader:240 - Cannot read IP mode file for STMicroelectronics.X-CUBE-AZRTOS-L4.2.0.0
2025-07-14 14:32:38,688 [WARN] ConditionMgr:1044 - genDependencies : Invalid condition id : LAN8742 Phy interface Condition cause : null
2025-07-14 14:32:38,688 [WARN] ConditionMgr:1044 - genDependencies : Invalid condition id : LAN8742 Phy interface Condition cause : null
2025-07-14 14:32:38,688 [WARN] ConditionMgr:1044 - genDependencies : Invalid condition id : LAN8742 Phy interface Condition cause : null
2025-07-14 14:32:38,697 [WARN] PackLoader:240 - Cannot read IP mode file for STMicroelectronics.X-CUBE-SFXS2LP1.4.0.0
2025-07-14 14:32:38,710 [WARN] ConditionMgr:438 - getConditionDescription Invalid condition id : UX DEVICE CLASS RTOS Condition cause : null
2025-07-14 14:32:38,710 [WARN] ConditionMgr:438 - getConditionDescription Invalid condition id : UX DEVICE CLASS RTOS Condition cause : null
2025-07-14 14:32:38,712 [WARN] PackLoader:240 - Cannot read IP mode file for STMicroelectronics.X-CUBE-AZRTOS-WB.2.0.0
2025-07-14 14:32:38,713 [WARN] ConditionMgr:1044 - genDependencies : Invalid condition id : UX DEVICE CLASS RTOS Condition cause : null
2025-07-14 14:32:38,713 [WARN] ConditionMgr:1044 - genDependencies : Invalid condition id : UX DEVICE CLASS RTOS Condition cause : null
2025-07-14 14:32:38,713 [WARN] ConditionMgr:1044 - genDependencies : Invalid condition id : UX DEVICE CLASS RTOS Condition cause : null
2025-07-14 14:32:38,714 [WARN] ConditionMgr:1044 - genDependencies : Invalid condition id : UX DEVICE CLASS RTOS Condition cause : null
2025-07-14 14:32:38,714 [WARN] ConditionMgr:1044 - genDependencies : Invalid condition id : UX DEVICE CLASS RTOS Condition cause : null
2025-07-14 14:32:38,720 [WARN] PackLoader:240 - Cannot read IP mode file for STMicroelectronics.X-CUBE-GNSS1.7.0.1
2025-07-14 14:32:38,726 [WARN] PackLoader:240 - Cannot read IP mode file for STMicroelectronics.X-CUBE-TOUCHGFX.4.25.0
2025-07-14 14:32:38,732 [WARN] PackLoader:240 - Cannot read IP mode file for STMicroelectronics.FP-SNS-STBOX1.2.0.0
2025-07-14 14:32:38,743 [WARN] PackLoader:240 - Cannot read IP mode file for STMicroelectronics.X-CUBE-SUBG2.5.0.0
2025-07-14 14:32:38,773 [WARN] PackLoader:240 - Cannot read IP mode file for STMicroelectronics.X-CUBE-AZRTOS-H7RS.1.1.0
2025-07-14 14:32:38,781 [WARN] PackLoader:240 - Cannot read IP mode file for Cesanta.I-CUBE-Mongoose.7.13.0
2025-07-14 14:32:38,793 [WARN] PackLoader:240 - Cannot read IP mode file for STMicroelectronics.X-CUBE-AZRTOS-G4.2.0.0
2025-07-14 14:32:38,799 [WARN] PackLoader:240 - Cannot read IP mode file for wolfSSL.I-CUBE-wolfSSH.1.4.20
2025-07-14 14:32:38,803 [WARN] PackLoader:240 - Cannot read IP mode file for STMicroelectronics.X-CUBE-NFC7.2.0.0
2025-07-14 14:32:38,814 [WARN] PackLoader:240 - Cannot read IP mode file for STMicroelectronics.X-CUBE-IPS.3.1.0
2025-07-14 14:32:38,823 [WARN] PackLoader:240 - Cannot read IP mode file for STMicroelectronics.X-CUBE-ALS.1.0.2
2025-07-14 14:32:38,829 [WARN] PackLoader:240 - Cannot read IP mode file for portGmbH.I-Cube-SoM-uGOAL.1.1.0
2025-07-14 14:32:38,838 [WARN] PackLoader:240 - Cannot read IP mode file for STMicroelectronics.X-CUBE-TOF1.3.4.3
2025-07-14 14:32:38,849 [INFO] ThirdParty:978 - Integrity check success = true
2025-07-14 14:32:38,849 [INFO] IntegrityCheckThread:100 - exiting critical section [integrity check]
2025-07-14 14:32:38,849 [INFO] IntegrityCheckThread:103 - End integrity checks thread
2025-07-14 17:41:26,075 [ERROR] LogOutputStream:75 - [STDERR_REDIRECT] 
2025-07-14 22:23:44,038 [INFO] Activator:176 - 


2025-07-14 22:23:44,038 [INFO] Activator:177 - !SESSION log4j initialized
2025-07-14 22:23:50,439 [INFO] LogOutputStream:77 - [STDOUT_REDIRECT] 
2025-07-14 22:23:51,486 [INFO] ApplicationProperties:184 - Using Application install path: C:\ST\STM32CubeIDE_1.19.0\STM32CubeIDE\plugins\com.st.stm32cube.common.mx_6.15.0.202507011659
2025-07-14 22:23:51,506 [INFO] DbMcusXml:78 - Set database path to: C:\ST\STM32CubeIDE_1.19.0\STM32CubeIDE\plugins\com.st.stm32cube.common.mx_6.15.0.202507011659\\db\/mcu/
2025-07-14 22:23:51,506 [INFO] ApiDb:274 - Set plugin database path to: C:\ST\STM32CubeIDE_1.19.0\STM32CubeIDE\plugins\com.st.stm32cube.common.mx_6.15.0.202507011659\\db\/plugins/boardmanager/
2025-07-14 22:23:51,507 [WARN] ApiDb:259 - Overriding images path with different value:  => C:\ST\STM32CubeIDE_1.19.0\STM32CubeIDE\plugins\com.st.stm32cube.common.mx_6.15.0.202507011659\\db\/plugins/mcufinder/images/
2025-07-14 22:23:51,517 [INFO] ApiDb:250 - Set database path to: C:\Users\Administrator\.stmcufinder\plugins\mcufinder//mcu/
2025-07-14 22:23:51,518 [INFO] DbMcusAds:125 - Set database path to: C:\Users\Administrator\.stmcufinder\plugins\mcufinder//mcu/
2025-07-14 22:23:51,521 [INFO] CrossReferenceDbSqlite:203 - Set database path to: C:\Users\Administrator\.stmcufinder\plugins\mcufinder//mcu/cs/
2025-07-14 22:23:51,651 [INFO] RulesReader:64 - Compatibility file has been processed (317 Rules)
2025-07-14 22:23:51,754 [INFO] DbMcusXml:78 - Set database path to: C:\ST\STM32CubeIDE_1.19.0\STM32CubeIDE\plugins\com.st.stm32cube.common.mx_6.15.0.202507011659\\db\/mcu/
2025-07-14 22:23:51,754 [INFO] ApiDb:274 - Set plugin database path to: C:\ST\STM32CubeIDE_1.19.0\STM32CubeIDE\plugins\com.st.stm32cube.common.mx_6.15.0.202507011659\\db\/plugins/boardmanager/
2025-07-14 22:23:51,755 [INFO] ApiDb:261 - Set plugin images path to: C:\ST\STM32CubeIDE_1.19.0\STM32CubeIDE\plugins\com.st.stm32cube.common.mx_6.15.0.202507011659\\db\/plugins/mcufinder/images/
2025-07-14 22:23:51,755 [WARN] DbFile:41 - Overriding database path with different value: C:\Users\Administrator\.stmcufinder\plugins\mcufinder/ => C:\Users\Administrator\.stmcufinder\plugins\mcufinder
2025-07-14 22:23:51,755 [INFO] ApiDb:250 - Set database path to: C:\Users\Administrator\.stmcufinder\plugins\mcufinder//mcu/
2025-07-14 22:23:51,755 [WARN] DbFile:41 - Overriding database path with different value: C:\Users\Administrator\.stmcufinder\plugins\mcufinder/ => C:\Users\Administrator\.stmcufinder\plugins\mcufinder
2025-07-14 22:23:51,755 [INFO] DbMcusAds:125 - Set database path to: C:\Users\Administrator\.stmcufinder\plugins\mcufinder//mcu/
2025-07-14 22:23:51,755 [WARN] DbFile:41 - Overriding database path with different value: C:\Users\Administrator\.stmcufinder\plugins\mcufinder/ => C:\Users\Administrator\.stmcufinder\plugins\mcufinder
2025-07-14 22:23:51,755 [WARN] DbFile:41 - Overriding database path with different value: C:\Users\Administrator\.stmcufinder\plugins\mcufinder/ => C:\Users\Administrator\.stmcufinder\plugins\mcufinder
2025-07-14 22:23:51,756 [INFO] CrossReferenceDbSqlite:203 - Set database path to: C:\Users\Administrator\.stmcufinder\plugins\mcufinder//mcu/cs/
2025-07-14 22:23:51,843 [INFO] MainPanel:274 - HeapMemory: 268435456
2025-07-14 22:23:51,973 [INFO] DbMcusXml:78 - Set database path to: C:\ST\STM32CubeIDE_1.19.0\STM32CubeIDE\plugins\com.st.stm32cube.common.mx_6.15.0.202507011659\\db\/mcu/
2025-07-14 22:23:51,974 [INFO] ApiDb:274 - Set plugin database path to: C:\ST\STM32CubeIDE_1.19.0\STM32CubeIDE\plugins\com.st.stm32cube.common.mx_6.15.0.202507011659\\db\/plugins/boardmanager/
2025-07-14 22:23:51,974 [INFO] ApiDb:261 - Set plugin images path to: C:\ST\STM32CubeIDE_1.19.0\STM32CubeIDE\plugins\com.st.stm32cube.common.mx_6.15.0.202507011659\\db\/plugins/mcufinder/images/
2025-07-14 22:23:51,974 [WARN] DbFile:41 - Overriding database path with different value: C:\Users\Administrator\.stmcufinder\plugins\mcufinder/ => C:\Users\Administrator\.stmcufinder\plugins\mcufinder
2025-07-14 22:23:51,974 [INFO] ApiDb:250 - Set database path to: C:\Users\Administrator\.stmcufinder\plugins\mcufinder//mcu/
2025-07-14 22:23:51,974 [WARN] DbFile:41 - Overriding database path with different value: C:\Users\Administrator\.stmcufinder\plugins\mcufinder/ => C:\Users\Administrator\.stmcufinder\plugins\mcufinder
2025-07-14 22:23:51,974 [INFO] DbMcusAds:125 - Set database path to: C:\Users\Administrator\.stmcufinder\plugins\mcufinder//mcu/
2025-07-14 22:23:51,975 [WARN] DbFile:41 - Overriding database path with different value: C:\Users\Administrator\.stmcufinder\plugins\mcufinder/ => C:\Users\Administrator\.stmcufinder\plugins\mcufinder
2025-07-14 22:23:51,975 [WARN] DbFile:41 - Overriding database path with different value: C:\Users\Administrator\.stmcufinder\plugins\mcufinder/ => C:\Users\Administrator\.stmcufinder\plugins\mcufinder
2025-07-14 22:23:51,975 [INFO] CrossReferenceDbSqlite:203 - Set database path to: C:\Users\Administrator\.stmcufinder\plugins\mcufinder//mcu/cs/
2025-07-14 22:23:51,996 [INFO] ApplicationProperties:184 - Using Application install path: C:\ST\STM32CubeIDE_1.19.0\STM32CubeIDE\plugins\com.st.stm32cube.common.mx_6.15.0.202507011659
2025-07-14 22:23:51,997 [INFO] PluginManage:196 - Search for loadable plugins [exclusion list=, ]
2025-07-14 22:23:51,998 [INFO] PluginManage:310 - Check plugin analytics
2025-07-14 22:23:52,192 [INFO] AnalyticsPlugin:253 - Accepted Software Licenses: STM32CubeMX.6.15.0
2025-07-14 22:23:52,192 [INFO] AnalyticsPlugin:255 - Accepted CMSIS Pack Licenses: 
2025-07-14 22:23:52,192 [INFO] AnalyticsPlugin:257 - Accepted Firmware Licenses: 
2025-07-14 22:23:52,195 [INFO] PluginManage:359 - Loaded plugin analytics (category:tool,tabindex:-1)
2025-07-14 22:23:52,195 [INFO] PluginManage:310 - Check plugin cadmodel
2025-07-14 22:23:52,201 [INFO] CADModel:105 - Init CAD model plugin
2025-07-14 22:23:52,201 [INFO] PluginManage:359 - Loaded plugin cadmodel (category:power,tabindex:5)
2025-07-14 22:23:52,202 [INFO] PluginManage:310 - Check plugin clock
2025-07-14 22:23:52,223 [INFO] PluginManage:359 - Loaded plugin clock (category:base,tabindex:2)
2025-07-14 22:23:52,224 [INFO] PluginManage:310 - Check plugin ddr
2025-07-14 22:23:52,227 [INFO] PluginManage:359 - Loaded plugin ddr (category:tool,tabindex:6)
2025-07-14 22:23:52,227 [INFO] PluginManage:310 - Check plugin filemanager
2025-07-14 22:23:52,393 [INFO] PluginManage:359 - Loaded plugin filemanager (category:base,tabindex:10)
2025-07-14 22:23:52,393 [INFO] PluginManage:310 - Check plugin ipmanager
2025-07-14 22:23:52,401 [INFO] PluginManage:359 - Loaded plugin ipmanager (category:base,tabindex:5)
2025-07-14 22:23:52,401 [INFO] PluginManage:310 - Check plugin lpbam
2025-07-14 22:23:52,411 [INFO] PluginManage:359 - Loaded plugin lpbam (category:base,tabindex:0)
2025-07-14 22:23:52,411 [INFO] PluginManage:310 - Check plugin memorymap
2025-07-14 22:23:52,426 [INFO] PluginManage:359 - Loaded plugin memorymap (category:base,tabindex:4)
2025-07-14 22:23:52,426 [INFO] PluginManage:310 - Check plugin pinoutandconfiguration
2025-07-14 22:23:52,438 [INFO] PluginManage:359 - Loaded plugin pinoutandconfiguration (category:base,tabindex:1)
2025-07-14 22:23:52,438 [INFO] PluginManage:310 - Check plugin pinoutconfig
2025-07-14 22:23:52,545 [WARN] SupportedApi:132 - Cannot load RTOS API schema: s4s-elt-must-match.1: The content of 'definitions' must match (annotation?, (simpleType | complexType)?, (unique | key | keyref)*)). A problem was found starting at: attribute.
2025-07-14 22:23:52,708 [INFO] PluginManage:359 - Loaded plugin pinoutconfig (category:base,tabindex:0)
2025-07-14 22:23:52,708 [INFO] PluginManage:310 - Check plugin power
2025-07-14 22:23:52,720 [INFO] PluginManage:359 - Loaded plugin power (category:power,tabindex:4)
2025-07-14 22:23:52,720 [INFO] PluginManage:310 - Check plugin projectmanager
2025-07-14 22:23:52,738 [INFO] PluginManage:359 - Loaded plugin projectmanager (category:projectmanager,tabindex:4)
2025-07-14 22:23:52,739 [INFO] PluginManage:310 - Check plugin rif
2025-07-14 22:23:52,750 [INFO] PluginManage:359 - Loaded plugin rif (category:base,tabindex:3)
2025-07-14 22:23:52,750 [INFO] PluginManage:310 - Check plugin thirdparty
2025-07-14 22:23:52,905 [INFO] PluginManage:359 - Loaded plugin thirdparty (category:base,tabindex:-1)
2025-07-14 22:23:52,905 [INFO] PluginManage:310 - Check plugin tools
2025-07-14 22:23:52,905 [WARN] IntegrityCheckThread:84 - waiting for thirdparty lock release [integrity check]
2025-07-14 22:23:52,905 [INFO] IntegrityCheckThread:86 - entering critical section [integrity check]
2025-07-14 22:23:52,906 [INFO] ThirdPartyUpdaterWithRetryManager:70 - Updater plugin not ready yet. [1/15]
2025-07-14 22:23:52,908 [INFO] PluginManage:359 - Loaded plugin tools (category:base,tabindex:7)
2025-07-14 22:23:52,908 [INFO] PluginManage:310 - Check plugin tutovideos
2025-07-14 22:23:53,160 [INFO] PluginManage:359 - Loaded plugin tutovideos (category:base,tabindex:-1)
2025-07-14 22:23:53,160 [INFO] PluginManage:310 - Check plugin updater
2025-07-14 22:23:53,201 [INFO] PluginManage:359 - Loaded plugin updater (category:base,tabindex:12)
2025-07-14 22:23:53,201 [INFO] PluginManage:310 - Check plugin userauth
2025-07-14 22:23:53,205 [INFO] UserAuth:118 - Init User Auth plugin
2025-07-14 22:23:53,206 [INFO] PluginManage:359 - Loaded plugin userauth (category:base,tabindex:14)
2025-07-14 22:23:53,206 [INFO] PluginManage:283 - PluginManage : Loaded plugins [18]
2025-07-14 22:23:53,449 [INFO] PinOutPanel:1589 - setPackage(No Configuration,No Configuration)
2025-07-14 22:23:53,554 [INFO] CADModel:165 - CPN selected for project level
2025-07-14 22:23:53,555 [INFO] CADModel:114 - Register for checkConnection events
2025-07-14 22:23:53,574 [INFO] IPUIPlugin:80 - create IPUIPlugin
2025-07-14 22:23:53,575 [INFO] PluginManager:220 - loadIPPluginJar : add adc
2025-07-14 22:23:53,578 [INFO] IPUIPlugin:80 - create IPUIPlugin
2025-07-14 22:23:53,578 [INFO] PluginManager:220 - loadIPPluginJar : add aes
2025-07-14 22:23:53,581 [INFO] IPUIPlugin:80 - create IPUIPlugin
2025-07-14 22:23:53,581 [INFO] PluginManager:220 - loadIPPluginJar : add can
2025-07-14 22:23:53,583 [INFO] IPUIPlugin:80 - create IPUIPlugin
2025-07-14 22:23:53,583 [INFO] PluginManager:220 - loadIPPluginJar : add comp
2025-07-14 22:23:53,586 [INFO] IPUIPlugin:80 - create IPUIPlugin
2025-07-14 22:23:53,586 [INFO] PluginManager:220 - loadIPPluginJar : add cryp
2025-07-14 22:23:53,589 [INFO] IPUIPlugin:80 - create IPUIPlugin
2025-07-14 22:23:53,589 [INFO] PluginManager:220 - loadIPPluginJar : add ddr_ctrl_phy
2025-07-14 22:23:53,592 [INFO] IPUIPlugin:80 - create IPUIPlugin
2025-07-14 22:23:53,592 [INFO] PluginManager:220 - loadIPPluginJar : add dfsdm
2025-07-14 22:23:53,598 [INFO] IPUIPlugin:80 - create IPUIPlugin
2025-07-14 22:23:53,598 [INFO] PluginManager:220 - loadIPPluginJar : add dma
2025-07-14 22:23:53,601 [INFO] IPUIPlugin:80 - create IPUIPlugin
2025-07-14 22:23:53,601 [INFO] PluginManager:220 - loadIPPluginJar : add dma3
2025-07-14 22:23:53,604 [INFO] IPUIPlugin:80 - create IPUIPlugin
2025-07-14 22:23:53,604 [INFO] PluginManager:220 - loadIPPluginJar : add extmemmanager
2025-07-14 22:23:53,606 [INFO] IPUIPlugin:80 - create IPUIPlugin
2025-07-14 22:23:53,606 [INFO] PluginManager:220 - loadIPPluginJar : add fatfs
2025-07-14 22:23:53,610 [INFO] IPUIPlugin:80 - create IPUIPlugin
2025-07-14 22:23:53,611 [INFO] PluginManager:220 - loadIPPluginJar : add fmc
2025-07-14 22:23:53,617 [INFO] IPUIPlugin:80 - create IPUIPlugin
2025-07-14 22:23:53,617 [INFO] PluginManager:220 - loadIPPluginJar : add freertos
2025-07-14 22:23:53,619 [INFO] IPUIPlugin:80 - create IPUIPlugin
2025-07-14 22:23:53,619 [INFO] PluginManager:220 - loadIPPluginJar : add genericplugin
2025-07-14 22:23:53,621 [INFO] IPUIPlugin:80 - create IPUIPlugin
2025-07-14 22:23:53,621 [INFO] PluginManager:220 - loadIPPluginJar : add gfxmmu
2025-07-14 22:23:53,626 [INFO] IPUIPlugin:80 - create IPUIPlugin
2025-07-14 22:23:53,626 [INFO] PluginManager:220 - loadIPPluginJar : add gic
2025-07-14 22:23:53,630 [INFO] IPUIPlugin:80 - create IPUIPlugin
2025-07-14 22:23:53,630 [INFO] PluginManager:220 - loadIPPluginJar : add gpio
2025-07-14 22:23:53,633 [INFO] IPUIPlugin:80 - create IPUIPlugin
2025-07-14 22:23:53,634 [INFO] PluginManager:220 - loadIPPluginJar : add gtzc
2025-07-14 22:23:53,636 [INFO] IPUIPlugin:80 - create IPUIPlugin
2025-07-14 22:23:53,636 [INFO] PluginManager:220 - loadIPPluginJar : add hash
2025-07-14 22:23:53,639 [INFO] IPUIPlugin:80 - create IPUIPlugin
2025-07-14 22:23:53,639 [INFO] PluginManager:220 - loadIPPluginJar : add i2c
2025-07-14 22:23:53,642 [INFO] IPUIPlugin:80 - create IPUIPlugin
2025-07-14 22:23:53,642 [INFO] PluginManager:220 - loadIPPluginJar : add i2s
2025-07-14 22:23:53,645 [INFO] IPUIPlugin:80 - create IPUIPlugin
2025-07-14 22:23:53,645 [INFO] PluginManager:220 - loadIPPluginJar : add i3c
2025-07-14 22:23:53,649 [INFO] IPUIPlugin:80 - create IPUIPlugin
2025-07-14 22:23:53,649 [INFO] PluginManager:220 - loadIPPluginJar : add ipddr
2025-07-14 22:23:53,656 [INFO] IPUIPlugin:80 - create IPUIPlugin
2025-07-14 22:23:53,656 [INFO] PluginManager:220 - loadIPPluginJar : add linkedlist
2025-07-14 22:23:53,659 [INFO] IPUIPlugin:80 - create IPUIPlugin
2025-07-14 22:23:53,659 [INFO] PluginManager:220 - loadIPPluginJar : add lorawan
2025-07-14 22:23:53,661 [INFO] IPUIPlugin:80 - create IPUIPlugin
2025-07-14 22:23:53,661 [INFO] PluginManager:220 - loadIPPluginJar : add ltdc
2025-07-14 22:23:53,667 [INFO] IPUIPlugin:80 - create IPUIPlugin
2025-07-14 22:23:53,667 [INFO] PluginManager:220 - loadIPPluginJar : add mdma
2025-07-14 22:23:53,671 [INFO] IPUIPlugin:80 - create IPUIPlugin
2025-07-14 22:23:53,671 [INFO] PluginManager:220 - loadIPPluginJar : add nvic
2025-07-14 22:23:53,674 [INFO] IPUIPlugin:80 - create IPUIPlugin
2025-07-14 22:23:53,674 [INFO] PluginManager:220 - loadIPPluginJar : add opamp
2025-07-14 22:23:53,677 [INFO] IPUIPlugin:80 - create IPUIPlugin
2025-07-14 22:23:53,678 [INFO] PluginManager:220 - loadIPPluginJar : add openamp
2025-07-14 22:23:53,681 [INFO] IPUIPlugin:80 - create IPUIPlugin
2025-07-14 22:23:53,681 [INFO] PluginManager:220 - loadIPPluginJar : add pdm2pcm
2025-07-14 22:23:53,688 [INFO] IPUIPlugin:80 - create IPUIPlugin
2025-07-14 22:23:53,690 [INFO] PluginManager:220 - loadIPPluginJar : add plateformsettings
2025-07-14 22:23:53,692 [INFO] IPUIPlugin:80 - create IPUIPlugin
2025-07-14 22:23:53,692 [INFO] PluginManager:220 - loadIPPluginJar : add quadspi
2025-07-14 22:23:53,694 [INFO] IPUIPlugin:80 - create IPUIPlugin
2025-07-14 22:23:53,695 [INFO] PluginManager:220 - loadIPPluginJar : add radio
2025-07-14 22:23:53,699 [INFO] IPUIPlugin:80 - create IPUIPlugin
2025-07-14 22:23:53,699 [INFO] PluginManager:220 - loadIPPluginJar : add resmgrutility
2025-07-14 22:23:53,702 [INFO] IPUIPlugin:80 - create IPUIPlugin
2025-07-14 22:23:53,702 [INFO] PluginManager:220 - loadIPPluginJar : add sai
2025-07-14 22:23:53,705 [INFO] IPUIPlugin:80 - create IPUIPlugin
2025-07-14 22:23:53,705 [INFO] PluginManager:220 - loadIPPluginJar : add spi
2025-07-14 22:23:53,712 [INFO] IPUIPlugin:80 - create IPUIPlugin
2025-07-14 22:23:53,712 [INFO] PluginManager:220 - loadIPPluginJar : add stm32_wpan
2025-07-14 22:23:53,714 [INFO] IPUIPlugin:80 - create IPUIPlugin
2025-07-14 22:23:53,714 [INFO] PluginManager:220 - loadIPPluginJar : add tim
2025-07-14 22:23:53,717 [INFO] IPUIPlugin:80 - create IPUIPlugin
2025-07-14 22:23:53,718 [INFO] PluginManager:220 - loadIPPluginJar : add touchsensing
2025-07-14 22:23:53,720 [INFO] IPUIPlugin:80 - create IPUIPlugin
2025-07-14 22:23:53,720 [INFO] PluginManager:220 - loadIPPluginJar : add tracer_emb
2025-07-14 22:23:53,722 [INFO] IPUIPlugin:80 - create IPUIPlugin
2025-07-14 22:23:53,722 [INFO] PluginManager:220 - loadIPPluginJar : add ts
2025-07-14 22:23:53,724 [INFO] IPUIPlugin:80 - create IPUIPlugin
2025-07-14 22:23:53,724 [INFO] PluginManager:220 - loadIPPluginJar : add tsc
2025-07-14 22:23:53,726 [INFO] IPUIPlugin:80 - create IPUIPlugin
2025-07-14 22:23:53,726 [INFO] PluginManager:220 - loadIPPluginJar : add ucpd
2025-07-14 22:23:53,729 [INFO] IPUIPlugin:80 - create IPUIPlugin
2025-07-14 22:23:53,729 [INFO] PluginManager:220 - loadIPPluginJar : add usart
2025-07-14 22:23:53,733 [INFO] IPUIPlugin:80 - create IPUIPlugin
2025-07-14 22:23:53,733 [INFO] PluginManager:220 - loadIPPluginJar : add usbx
2025-07-14 22:23:53,873 [FATAL] Updater:351 - Updater called before beeing initialized
2025-07-14 22:23:53,925 [INFO] RulesReader:64 - Compatibility file has been processed (317 Rules)
2025-07-14 22:23:53,943 [INFO] RulesReader:64 - Compatibility file has been processed (317 Rules)
2025-07-14 22:23:53,952 [INFO] CADModel:165 - CPN selected for project level
2025-07-14 22:23:53,953 [INFO] CADModel:114 - Register for checkConnection events
2025-07-14 22:23:53,953 [FATAL] Updater:351 - Updater called before beeing initialized
2025-07-14 22:23:53,953 [ERROR] CADModel:125 - Updater not yet initialized, retry later 
2025-07-14 22:23:54,132 [FATAL] Updater:351 - Updater called before beeing initialized
2025-07-14 22:23:54,135 [INFO] CADModel:165 - CPN selected for project level
2025-07-14 22:23:54,135 [INFO] CADModel:114 - Register for checkConnection events
2025-07-14 22:23:54,135 [FATAL] Updater:351 - Updater called before beeing initialized
2025-07-14 22:23:54,135 [ERROR] CADModel:125 - Updater not yet initialized, retry later 
2025-07-14 22:23:54,140 [FATAL] Updater:351 - Updater called before beeing initialized
2025-07-14 22:23:54,311 [FATAL] Updater:351 - Updater called before beeing initialized
2025-07-14 22:23:54,316 [INFO] DbMcusAds:53 - JSON generation date=Tue Jul 08 15:14:23 ICT 2025 (1751962463582)
2025-07-14 22:23:54,317 [FATAL] Updater:351 - Updater called before beeing initialized
2025-07-14 22:23:54,401 [WARN] DetailPanel:346 - Failed to get advertising image, set to default
2025-07-14 22:23:54,535 [FATAL] Updater:351 - Updater called before beeing initialized
2025-07-14 22:23:54,537 [FATAL] Updater:351 - Updater called before beeing initialized
2025-07-14 22:23:54,537 [FATAL] Updater:351 - Updater called before beeing initialized
2025-07-14 22:23:54,538 [WARN] DetailPanel:346 - Failed to get advertising image, set to default
2025-07-14 22:23:54,539 [FATAL] Updater:351 - Updater called before beeing initialized
2025-07-14 22:23:54,610 [ERROR] Updater:1198 - MainUpdater not yet initialized. External WinMGr cannot be set.
2025-07-14 22:23:54,612 [INFO] Updater:1134 - Updater Version found : 6.15.0
2025-07-14 22:23:54,636 [INFO] ApplicationProperties:184 - Using Application install path: C:\ST\STM32CubeIDE_1.19.0\STM32CubeIDE\plugins\com.st.stm32cube.common.mx_6.15.0.202507011659
2025-07-14 22:23:55,045 [INFO] MainUpdater:2872 - connection check result : 10
2025-07-14 22:23:55,046 [INFO] MainUpdater:289 - Updater Check For Update Now.
2025-07-14 22:23:55,046 [INFO] MicroXplorer:498 - Change Database Version : DB.6.0.150
2025-07-14 22:23:55,054 [INFO] McuFinderGlobals:63 - Set McuFinder mode to 2 (CubeIDE integrated)
2025-07-14 22:23:55,055 [INFO] UserAuth:171 - activating auth plugin
2025-07-14 22:23:55,058 [INFO] UserAuth:487 - Internet connection configuration mode: 1
2025-07-14 22:23:55,087 [INFO] JxBrowserEngine:152 - Initiate JxBrowser Engine with user profile folder
2025-07-14 22:23:55,279 [INFO] CheckServerUpdateThread:120 - End of CheckServer Thread
2025-07-14 22:23:56,727 [WARN] PackLoader:240 - Cannot read IP mode file for STMicroelectronics.FP-SNS-MOTENVWB1.1.4.0
2025-07-14 22:23:56,738 [WARN] PackLoader:240 - Cannot read IP mode file for STMicroelectronics.FP-ATR-ASTRA1.2.0.2
2025-07-14 22:23:56,748 [WARN] PackLoader:240 - Cannot read IP mode file for STMicroelectronics.X-CUBE-SMBUS.2.1.0
2025-07-14 22:23:56,755 [WARN] PackLoader:240 - Cannot read IP mode file for STMicroelectronics.X-CUBE-ST60.1.0.0
2025-07-14 22:23:56,797 [WARN] PackLoader:240 - Cannot read IP mode file for STMicroelectronics.X-CUBE-AZRTOS-F7.1.1.0
2025-07-14 22:23:56,841 [WARN] PackLoader:240 - Cannot read IP mode file for Infineon.AIROC-Wi-Fi-Bluetooth-STM32.1.7.1
2025-07-14 22:23:56,892 [WARN] PackLoader:240 - Cannot read IP mode file for STMicroelectronics.X-CUBE-AZRTOS-H7.3.4.0
2025-07-14 22:23:56,908 [WARN] PackLoader:240 - Cannot read IP mode file for STMicroelectronics.X-CUBE-DISPLAY.3.0.0
2025-07-14 22:23:56,920 [INFO] WebApp:169 - Instantiating new browser for Auth
2025-07-14 22:23:56,927 [WARN] PackLoader:240 - Cannot read IP mode file for STMicroelectronics.X-CUBE-NFC10.1.0.0
2025-07-14 22:23:56,949 [WARN] PackLoader:240 - Cannot read IP mode file for STMicroelectronics.X-CUBE-BLEMGR.4.0.0
2025-07-14 22:23:56,972 [WARN] PackLoader:240 - Cannot read IP mode file for emotas.I-CUBE-CANOPEN.1.3.0
2025-07-14 22:23:56,984 [WARN] ConditionMgr:438 - getConditionDescription Invalid condition id : Cortex-A Device cause : null
2025-07-14 22:23:57,006 [WARN] ConditionMgr:1044 - genDependencies : Invalid condition id : Cortex-A Device cause : null
2025-07-14 22:23:57,006 [WARN] ConditionMgr:1044 - genDependencies : Invalid condition id : Cortex-A Device cause : null
2025-07-14 22:23:57,006 [WARN] ConditionMgr:1044 - genDependencies : Invalid condition id : Cortex-A Device cause : null
2025-07-14 22:23:57,013 [WARN] PackLoader:240 - Cannot read IP mode file for STMicroelectronics.FP-SNS-SMARTAG2.1.2.0
2025-07-14 22:23:57,019 [WARN] PackLoader:240 - Cannot read IP mode file for STMicroelectronics.FP-SNS-FLIGHT1.5.1.0
2025-07-14 22:23:57,030 [INFO] LogOutputStream:77 - [STDOUT_REDIRECT] 1 : Invalid condition id : UX_CORESTACK_Condition cause : null
2025-07-14 22:23:57,031 [INFO] LogOutputStream:77 - [STDOUT_REDIRECT] 1 : Invalid condition id : UX_CORESTACK_Condition cause : null
2025-07-14 22:23:57,034 [INFO] LogOutputStream:77 - [STDOUT_REDIRECT] 1 : Invalid condition id : UX_CORESTACK_Condition cause : null
2025-07-14 22:23:57,037 [INFO] LogOutputStream:77 - [STDOUT_REDIRECT] 1 : Invalid condition id : UX_CORESTACK_Condition cause : null
2025-07-14 22:23:57,040 [INFO] LogOutputStream:77 - [STDOUT_REDIRECT] 1 : Invalid condition id : UX_CORESTACK_Condition cause : null
2025-07-14 22:23:57,045 [WARN] PackLoader:240 - Cannot read IP mode file for STMicroelectronics.X-CUBE-AZRTOS-WL.2.0.0
2025-07-14 22:23:57,052 [WARN] PackLoader:240 - Cannot read IP mode file for STMicroelectronics.FP-SNS-MOTENV1.5.0.0
2025-07-14 22:23:57,061 [WARN] PackLoader:240 - Cannot read IP mode file for WES.I-CUBE-Cesium.1.3.0
2025-07-14 22:23:57,067 [WARN] PackLoader:240 - Cannot read IP mode file for STMicroelectronics.X-CUBE-BLE2.3.3.0
2025-07-14 22:23:57,074 [WARN] PackLoader:240 - Cannot read IP mode file for STMicroelectronics.X-CUBE-NFC9.1.0.0
2025-07-14 22:23:57,082 [WARN] PackLoader:240 - Cannot read IP mode file for wolfSSL.I-CUBE-wolfSSL.5.8.0
2025-07-14 22:23:57,089 [WARN] PackLoader:240 - Cannot read IP mode file for STMicroelectronics.X-CUBE-BLE1.7.1.0
2025-07-14 22:23:57,093 [WARN] PackLoader:240 - Cannot read IP mode file for wolfSSL.I-CUBE-wolfMQTT.1.19.2
2025-07-14 22:23:57,100 [WARN] PackLoader:240 - Cannot read IP mode file for STMicroelectronics.X-CUBE-EEPRMA1.5.2.0
2025-07-14 22:23:57,107 [WARN] PackLoader:240 - Cannot read IP mode file for STMicroelectronics.X-CUBE-AI.10.1.0
2025-07-14 22:23:57,123 [WARN] PackLoader:240 - Cannot read IP mode file for STMicroelectronics.X-CUBE-AZRTOS-G0.1.1.0
2025-07-14 22:23:57,133 [WARN] PackLoader:240 - Cannot read IP mode file for STMicroelectronics.X-CUBE-SAFEA1.1.2.2
2025-07-14 22:23:57,140 [WARN] PackLoader:240 - Cannot read IP mode file for STMicroelectronics.X-CUBE-NFC4.3.0.0
2025-07-14 22:23:57,150 [WARN] PackLoader:240 - Cannot read IP mode file for EmbeddedOffice.I-CUBE-FS-RTOS.1.0.1
2025-07-14 22:23:57,158 [WARN] PackLoader:240 - Cannot read IP mode file for STMicroelectronics.X-CUBE-WB05N.2.0.0
2025-07-14 22:23:57,163 [WARN] PackLoader:240 - Cannot read IP mode file for wolfSSL.I-CUBE-wolfTPM.3.8.0
2025-07-14 22:23:57,169 [WARN] PackLoader:240 - Cannot read IP mode file for STMicroelectronics.X-CUBE-TCPP.4.2.0
2025-07-14 22:23:57,177 [WARN] PackLoader:240 - Cannot read IP mode file for RealThread.X-CUBE-RT-Thread_Nano.4.1.1
2025-07-14 22:23:57,182 [WARN] PackLoader:240 - Cannot read IP mode file for STMicroelectronics.FP-ATR-SIGFOX1.3.2.0
2025-07-14 22:23:57,189 [WARN] PackLoader:240 - Cannot read IP mode file for STMicroelectronics.X-CUBE-EEPRMA1.5.1.0
2025-07-14 22:23:57,198 [WARN] PackLoader:240 - Cannot read IP mode file for ITTIA_DB.I-CUBE-ITTIADB.8.9.0
2025-07-14 22:23:57,205 [WARN] PackLoader:240 - Cannot read IP mode file for STMicroelectronics.X-CUBE-ST67W61.1.0.0
2025-07-14 22:23:57,244 [WARN] PackLoader:240 - Cannot read IP mode file for SEGGER.I-CUBE-embOS.1.3.1
2025-07-14 22:23:57,301 [WARN] PackLoader:240 - Cannot read IP mode file for STMicroelectronics.X-CUBE-ALGOBUILD.1.4.0
2025-07-14 22:23:57,366 [WARN] PackLoader:240 - Cannot read IP mode file for STMicroelectronics.X-CUBE-MEMS1.11.3.0
2025-07-14 22:23:57,562 [WARN] PackLoader:240 - Cannot read IP mode file for STMicroelectronics.X-CUBE-PM33A1.1.0.0
2025-07-14 22:23:57,579 [WARN] PackLoader:240 - Cannot read IP mode file for STMicroelectronics.X-CUBE-AZRTOS-F4.1.1.0
2025-07-14 22:23:57,586 [WARN] PackLoader:240 - Cannot read IP mode file for STMicroelectronics.X-CUBE-ISPU.2.1.0
2025-07-14 22:23:57,593 [WARN] PackLoader:240 - Cannot read IP mode file for STMicroelectronics.X-CUBE-NFC12.1.0.0
2025-07-14 22:23:57,610 [WARN] PackLoader:240 - Cannot read IP mode file for STMicroelectronics.X-CUBE-AZRTOS-L5.2.0.0
2025-07-14 22:23:57,620 [WARN] PackLoader:240 - Cannot read IP mode file for STMicroelectronics.X-CUBE-NFC6.3.1.0
2025-07-14 22:23:57,634 [WARN] PackLoader:240 - Cannot read IP mode file for STMicroelectronics.X-CUBE-FREERTOS.1.3.1
2025-07-14 22:23:57,640 [WARN] PackLoader:240 - Cannot read IP mode file for STMicroelectronics.FP-SNS-STAIOTCFT.1.0.0
2025-07-14 22:23:57,647 [WARN] PackLoader:240 - Cannot read IP mode file for STMicroelectronics.X-CUBE-DPower.1.3.0
2025-07-14 22:23:57,664 [WARN] ConditionMgr:438 - getConditionDescription Invalid condition id : LAN8742 Phy interface Condition cause : null
2025-07-14 22:23:57,665 [WARN] PackLoader:240 - Cannot read IP mode file for STMicroelectronics.X-CUBE-AZRTOS-L4.2.0.0
2025-07-14 22:23:57,667 [WARN] ConditionMgr:1044 - genDependencies : Invalid condition id : LAN8742 Phy interface Condition cause : null
2025-07-14 22:23:57,667 [WARN] ConditionMgr:1044 - genDependencies : Invalid condition id : LAN8742 Phy interface Condition cause : null
2025-07-14 22:23:57,667 [WARN] ConditionMgr:1044 - genDependencies : Invalid condition id : LAN8742 Phy interface Condition cause : null
2025-07-14 22:23:57,676 [WARN] PackLoader:240 - Cannot read IP mode file for STMicroelectronics.X-CUBE-SFXS2LP1.4.0.0
2025-07-14 22:23:57,689 [WARN] ConditionMgr:438 - getConditionDescription Invalid condition id : UX DEVICE CLASS RTOS Condition cause : null
2025-07-14 22:23:57,689 [WARN] ConditionMgr:438 - getConditionDescription Invalid condition id : UX DEVICE CLASS RTOS Condition cause : null
2025-07-14 22:23:57,691 [WARN] PackLoader:240 - Cannot read IP mode file for STMicroelectronics.X-CUBE-AZRTOS-WB.2.0.0
2025-07-14 22:23:57,692 [WARN] ConditionMgr:1044 - genDependencies : Invalid condition id : UX DEVICE CLASS RTOS Condition cause : null
2025-07-14 22:23:57,692 [WARN] ConditionMgr:1044 - genDependencies : Invalid condition id : UX DEVICE CLASS RTOS Condition cause : null
2025-07-14 22:23:57,692 [WARN] ConditionMgr:1044 - genDependencies : Invalid condition id : UX DEVICE CLASS RTOS Condition cause : null
2025-07-14 22:23:57,692 [WARN] ConditionMgr:1044 - genDependencies : Invalid condition id : UX DEVICE CLASS RTOS Condition cause : null
2025-07-14 22:23:57,693 [WARN] ConditionMgr:1044 - genDependencies : Invalid condition id : UX DEVICE CLASS RTOS Condition cause : null
2025-07-14 22:23:57,700 [WARN] PackLoader:240 - Cannot read IP mode file for STMicroelectronics.X-CUBE-GNSS1.7.0.1
2025-07-14 22:23:57,706 [WARN] PackLoader:240 - Cannot read IP mode file for STMicroelectronics.X-CUBE-TOUCHGFX.4.25.0
2025-07-14 22:23:57,713 [WARN] PackLoader:240 - Cannot read IP mode file for STMicroelectronics.FP-SNS-STBOX1.2.0.0
2025-07-14 22:23:57,725 [WARN] PackLoader:240 - Cannot read IP mode file for STMicroelectronics.X-CUBE-SUBG2.5.0.0
2025-07-14 22:23:57,751 [WARN] PackLoader:240 - Cannot read IP mode file for STMicroelectronics.X-CUBE-AZRTOS-H7RS.1.1.0
2025-07-14 22:23:57,763 [WARN] PackLoader:240 - Cannot read IP mode file for Cesanta.I-CUBE-Mongoose.7.13.0
2025-07-14 22:23:57,778 [WARN] PackLoader:240 - Cannot read IP mode file for STMicroelectronics.X-CUBE-AZRTOS-G4.2.0.0
2025-07-14 22:23:57,785 [WARN] PackLoader:240 - Cannot read IP mode file for wolfSSL.I-CUBE-wolfSSH.1.4.20
2025-07-14 22:23:57,792 [WARN] PackLoader:240 - Cannot read IP mode file for STMicroelectronics.X-CUBE-NFC7.2.0.0
2025-07-14 22:23:57,809 [WARN] PackLoader:240 - Cannot read IP mode file for STMicroelectronics.X-CUBE-IPS.3.1.0
2025-07-14 22:23:57,827 [WARN] PackLoader:240 - Cannot read IP mode file for STMicroelectronics.X-CUBE-ALS.1.0.2
2025-07-14 22:23:57,833 [WARN] PackLoader:240 - Cannot read IP mode file for portGmbH.I-Cube-SoM-uGOAL.1.1.0
2025-07-14 22:23:57,846 [WARN] PackLoader:240 - Cannot read IP mode file for STMicroelectronics.X-CUBE-TOF1.3.4.3
2025-07-14 22:23:57,863 [INFO] ThirdParty:978 - Integrity check success = true
2025-07-14 22:23:57,864 [INFO] IntegrityCheckThread:100 - exiting critical section [integrity check]
2025-07-14 22:23:57,864 [INFO] IntegrityCheckThread:103 - End integrity checks thread
2025-07-14 22:23:57,921 [INFO] WebApp:463 - Apply proxy settings
2025-07-14 22:23:57,922 [INFO] WebApp:548 - Chromium requires no authentication
2025-07-14 22:23:57,933 [INFO] WebApp:491 - Direct internet connection detected
2025-07-14 22:23:57,960 [INFO] WebApp:900 - Register for checkConnection events
2025-07-14 22:23:57,960 [INFO] WebApp:463 - Apply proxy settings
2025-07-14 22:23:57,960 [INFO] WebApp:548 - Chromium requires no authentication
2025-07-14 22:23:57,961 [INFO] WebApp:491 - Direct internet connection detected
2025-07-14 22:23:58,134 [INFO] WebApp:191 - Connection restablished
2025-07-14 22:23:58,161 [INFO] WebApp:225 - Starting web application
2025-07-14 22:23:58,161 [INFO] WebApp:593 - Web application path used C:\ST\STM32CubeIDE_1.19.0\STM32CubeIDE\plugins\com.st.stm32cube.common.mx_6.15.0.202507011659\db\plugins\mcufinder\reactClient1\index.html
2025-07-14 22:38:28,393 [ERROR] LogOutputStream:75 - [STDERR_REDIRECT] 
