../Driver/Src/ili9341.c:11:13:ILI9341_Select	8	static
../Driver/Src/ili9341.c:15:6:ILI9341_Unselect	8	static
../Driver/Src/ili9341.c:19:13:ILI9341_Reset	8	static
../Driver/Src/ili9341.c:25:13:ILI9341_WriteCommand	16	static
../Driver/Src/ili9341.c:30:13:ILI9341_WriteData	24	static
../Driver/Src/ili9341.c:42:13:ILI9341_SetAddressWindow	32	static
../Driver/Src/ili9341.c:61:6:ILI9341_Init	120	static
../Driver/Src/ili9341.c:216:6:ILI9341_DrawPixel	24	static
../Driver/Src/ili9341.c:229:13:ILI9341_WriteChar	40	static
../Driver/Src/ili9341.c:248:6:ILI9341_WriteString	32	static
../Driver/Src/ili9341.c:274:6:ILI9341_FillRectangle	32	static
../Driver/Src/ili9341.c:294:6:ILI9341_FillScreen	24	static
../Driver/Src/ili9341.c:298:6:ILI9341_DrawImage	24	static
../Driver/Src/ili9341.c:309:6:ILI9341_InvertColors	16	static
